mode: atomic
github.com/go-diskimages/dmg/format.go:16.29,16.45 1 1
github.com/go-diskimages/dmg/format.go:20.58,21.20 1 8
github.com/go-diskimages/dmg/format.go:21.20,23.3 1 1
github.com/go-diskimages/dmg/format.go:24.2,26.41 3 7
github.com/go-diskimages/dmg/format.go:32.49,34.16 2 4
github.com/go-diskimages/dmg/format.go:34.16,35.50 1 2
github.com/go-diskimages/dmg/format.go:35.50,37.4 1 1
github.com/go-diskimages/dmg/format.go:38.3,38.20 1 1
github.com/go-diskimages/dmg/format.go:40.2,40.18 1 2
github.com/go-diskimages/dmg/format.go:45.57,47.16 2 5
github.com/go-diskimages/dmg/format.go:47.16,49.3 1 1
github.com/go-diskimages/dmg/format.go:50.2,50.56 1 4
github.com/go-diskimages/dmg/format.go:50.56,52.3 1 3
github.com/go-diskimages/dmg/format.go:53.2,54.30 2 1
github.com/go-diskimages/dmg/format.go:60.61,61.23 1 10
github.com/go-diskimages/dmg/format.go:61.23,63.3 1 1
github.com/go-diskimages/dmg/format.go:64.2,65.16 2 9
github.com/go-diskimages/dmg/format.go:65.16,67.3 1 1
github.com/go-diskimages/dmg/format.go:68.2,70.31 3 8
github.com/go-diskimages/dmg/format.go:70.31,72.3 1 1
github.com/go-diskimages/dmg/format.go:73.2,74.30 2 7
github.com/go-diskimages/dmg/format.go:74.30,77.3 2 5
github.com/go-diskimages/dmg/format.go:77.8,79.3 1 2
github.com/go-diskimages/dmg/format.go:80.2,80.39 1 7
github.com/go-diskimages/dmg/format.go:84.41,86.16 2 5
github.com/go-diskimages/dmg/format.go:86.16,88.3 1 1
github.com/go-diskimages/dmg/format.go:89.2,91.16 3 4
github.com/go-diskimages/dmg/format.go:91.16,93.3 1 2
github.com/go-diskimages/dmg/format.go:94.2,95.48 2 2
github.com/go-diskimages/dmg/format.go:95.48,97.3 1 1
github.com/go-diskimages/dmg/format.go:98.2,98.12 1 1
github.com/go-diskimages/dmg/raw.go:25.63,27.16 2 77
github.com/go-diskimages/dmg/raw.go:27.16,29.3 1 8
github.com/go-diskimages/dmg/raw.go:30.2,31.16 2 69
github.com/go-diskimages/dmg/raw.go:31.16,34.3 2 2
github.com/go-diskimages/dmg/raw.go:35.2,35.33 1 67
github.com/go-diskimages/dmg/raw.go:35.33,37.3 1 2
github.com/go-diskimages/dmg/raw.go:38.2,39.75 2 65
github.com/go-diskimages/dmg/raw.go:39.75,42.3 2 1
github.com/go-diskimages/dmg/raw.go:43.2,44.16 2 64
github.com/go-diskimages/dmg/raw.go:44.16,48.3 1 15
github.com/go-diskimages/dmg/raw.go:49.2,49.27 1 49
github.com/go-diskimages/dmg/raw.go:54.45,56.16 2 63
github.com/go-diskimages/dmg/raw.go:56.16,58.3 1 8
github.com/go-diskimages/dmg/raw.go:59.2,60.18 2 55
github.com/go-diskimages/dmg/raw.go:67.47,69.16 2 41
github.com/go-diskimages/dmg/raw.go:69.16,71.3 1 7
github.com/go-diskimages/dmg/raw.go:72.2,72.10 1 34
github.com/go-diskimages/dmg/raw.go:72.10,75.3 2 26
github.com/go-diskimages/dmg/raw.go:76.2,77.16 2 8
github.com/go-diskimages/dmg/raw.go:77.16,79.3 1 1
github.com/go-diskimages/dmg/raw.go:80.2,80.47 1 7
github.com/go-diskimages/dmg/raw.go:80.47,82.3 1 2
github.com/go-diskimages/dmg/raw.go:83.2,83.15 1 5
github.com/go-diskimages/dmg/raw.go:97.49,99.16 2 14
github.com/go-diskimages/dmg/raw.go:99.16,101.3 1 3
github.com/go-diskimages/dmg/raw.go:102.2,103.11 2 11
github.com/go-diskimages/dmg/raw.go:103.11,105.17 2 4
github.com/go-diskimages/dmg/raw.go:105.17,107.4 1 1
github.com/go-diskimages/dmg/raw.go:108.3,108.65 1 3
github.com/go-diskimages/dmg/raw.go:110.2,111.71 2 7
github.com/go-diskimages/dmg/raw.go:111.71,113.3 1 1
github.com/go-diskimages/dmg/raw.go:114.2,115.16 2 6
github.com/go-diskimages/dmg/raw.go:115.16,117.3 1 1
github.com/go-diskimages/dmg/raw.go:118.2,118.27 1 5
github.com/go-diskimages/dmg/raw.go:118.27,120.17 2 5
github.com/go-diskimages/dmg/raw.go:120.17,122.4 1 1
github.com/go-diskimages/dmg/raw.go:123.3,123.26 1 4
github.com/go-diskimages/dmg/raw.go:123.26,124.23 1 6
github.com/go-diskimages/dmg/raw.go:125.27,125.27 0 3
github.com/go-diskimages/dmg/raw.go:126.12,127.22 1 3
github.com/go-diskimages/dmg/raw.go:131.2,131.18 1 1
github.com/go-diskimages/dmg/raw.go:141.54,143.16 2 15
github.com/go-diskimages/dmg/raw.go:143.16,145.3 1 1
github.com/go-diskimages/dmg/raw.go:146.2,146.11 1 14
github.com/go-diskimages/dmg/raw.go:146.11,148.3 1 1
github.com/go-diskimages/dmg/raw.go:149.2,150.16 2 13
github.com/go-diskimages/dmg/raw.go:150.16,152.3 1 1
github.com/go-diskimages/dmg/raw.go:153.2,154.9 2 12
github.com/go-diskimages/dmg/raw.go:154.9,156.3 1 4
github.com/go-diskimages/dmg/raw.go:157.2,157.38 1 8
github.com/go-diskimages/dmg/udif.go:37.56,37.75 1 190
github.com/go-diskimages/dmg/udif.go:40.71,40.98 1 215
github.com/go-diskimages/dmg/udif.go:43.59,43.80 1 218
github.com/go-diskimages/dmg/udif.go:46.62,46.90 1 7
github.com/go-diskimages/dmg/udif.go:49.67,49.95 1 1
github.com/go-diskimages/dmg/udif.go:52.42,52.62 1 17
github.com/go-diskimages/dmg/udif.go:163.45,164.28 1 181
github.com/go-diskimages/dmg/udif.go:164.28,166.3 1 1
github.com/go-diskimages/dmg/udif.go:167.2,167.50 1 180
github.com/go-diskimages/dmg/udif.go:167.50,169.3 1 18
github.com/go-diskimages/dmg/udif.go:170.2,189.15 5 162
github.com/go-diskimages/dmg/udif.go:192.51,210.29 14 80
github.com/go-diskimages/dmg/udif.go:210.29,214.3 3 69
github.com/go-diskimages/dmg/udif.go:215.2,218.27 3 80
github.com/go-diskimages/dmg/udif.go:218.27,222.3 3 69
github.com/go-diskimages/dmg/udif.go:223.2,225.10 3 80
github.com/go-diskimages/dmg/udif.go:254.61,255.29 1 105
github.com/go-diskimages/dmg/udif.go:255.29,257.3 1 3
github.com/go-diskimages/dmg/udif.go:258.2,258.50 1 102
github.com/go-diskimages/dmg/udif.go:258.50,260.3 1 2
github.com/go-diskimages/dmg/udif.go:261.2,262.34 2 100
github.com/go-diskimages/dmg/udif.go:262.34,264.3 1 1
github.com/go-diskimages/dmg/udif.go:265.2,273.22 3 99
github.com/go-diskimages/dmg/udif.go:273.22,282.3 2 222
github.com/go-diskimages/dmg/udif.go:283.2,283.21 1 99
github.com/go-diskimages/dmg/udif.go:288.74,311.25 8 80
github.com/go-diskimages/dmg/udif.go:311.25,312.57 1 172
github.com/go-diskimages/dmg/udif.go:312.57,314.4 1 83
github.com/go-diskimages/dmg/udif.go:316.2,316.17 1 80
github.com/go-diskimages/dmg/udif.go:316.17,318.3 1 78
github.com/go-diskimages/dmg/udif.go:320.2,325.25 5 80
github.com/go-diskimages/dmg/udif.go:325.25,332.3 6 172
github.com/go-diskimages/dmg/udif.go:333.2,333.12 1 80
github.com/go-diskimages/dmg/udif.go:340.81,342.21 2 90
github.com/go-diskimages/dmg/udif.go:343.40,343.40 0 8
github.com/go-diskimages/dmg/udif.go:348.15,349.80 1 40
github.com/go-diskimages/dmg/udif.go:349.80,351.4 1 3
github.com/go-diskimages/dmg/udif.go:352.16,354.81 2 21
github.com/go-diskimages/dmg/udif.go:354.81,356.4 1 1
github.com/go-diskimages/dmg/udif.go:357.3,358.17 2 20
github.com/go-diskimages/dmg/udif.go:358.17,360.4 1 1
github.com/go-diskimages/dmg/udif.go:361.3,362.49 2 19
github.com/go-diskimages/dmg/udif.go:362.49,364.4 1 1
github.com/go-diskimages/dmg/udif.go:365.17,367.81 2 7
github.com/go-diskimages/dmg/udif.go:367.81,369.4 1 1
github.com/go-diskimages/dmg/udif.go:370.3,371.17 2 6
github.com/go-diskimages/dmg/udif.go:371.17,373.4 1 1
github.com/go-diskimages/dmg/udif.go:374.3,374.27 1 5
github.com/go-diskimages/dmg/udif.go:374.27,376.4 1 1
github.com/go-diskimages/dmg/udif.go:377.3,377.17 1 4
github.com/go-diskimages/dmg/udif.go:378.15,380.81 2 7
github.com/go-diskimages/dmg/udif.go:380.81,382.4 1 1
github.com/go-diskimages/dmg/udif.go:383.3,384.17 2 6
github.com/go-diskimages/dmg/udif.go:384.17,386.4 1 1
github.com/go-diskimages/dmg/udif.go:390.3,390.27 1 5
github.com/go-diskimages/dmg/udif.go:390.27,392.4 1 1
github.com/go-diskimages/dmg/udif.go:393.3,393.17 1 4
github.com/go-diskimages/dmg/udif.go:394.17,396.81 2 5
github.com/go-diskimages/dmg/udif.go:396.81,398.4 1 1
github.com/go-diskimages/dmg/udif.go:399.3,399.85 1 4
github.com/go-diskimages/dmg/udif.go:399.85,401.4 1 1
github.com/go-diskimages/dmg/udif.go:402.16,402.16 0 1
github.com/go-diskimages/dmg/udif.go:404.10,405.77 1 1
github.com/go-diskimages/dmg/udif.go:407.2,407.17 1 75
github.com/go-diskimages/dmg/udif.go:412.34,413.22 1 16518
github.com/go-diskimages/dmg/udif.go:413.22,414.13 1 6353940
github.com/go-diskimages/dmg/udif.go:414.13,416.4 1 4116
github.com/go-diskimages/dmg/udif.go:418.2,418.13 1 12402
github.com/go-diskimages/dmg/udif.go:422.58,430.2 3 55
github.com/go-diskimages/dmg/udif.go:436.59,440.21 4 12
github.com/go-diskimages/dmg/udif.go:440.21,442.12 2 22
github.com/go-diskimages/dmg/udif.go:442.12,444.4 1 6
github.com/go-diskimages/dmg/udif.go:445.3,458.8 11 22
github.com/go-diskimages/dmg/udif.go:460.2,461.23 2 12
github.com/go-diskimages/dmg/udif.go:465.61,469.21 4 6
github.com/go-diskimages/dmg/udif.go:469.21,472.85 3 12
github.com/go-diskimages/dmg/udif.go:472.85,474.4 1 16500
github.com/go-diskimages/dmg/udif.go:475.3,476.11 2 12
github.com/go-diskimages/dmg/udif.go:476.11,479.4 1 6
github.com/go-diskimages/dmg/udif.go:479.9,485.4 4 6
github.com/go-diskimages/dmg/udif.go:486.3,486.8 1 12
github.com/go-diskimages/dmg/udif.go:488.2,489.23 2 6
github.com/go-diskimages/dmg/udif.go:502.62,506.45 3 126
github.com/go-diskimages/dmg/udif.go:506.45,508.3 1 8
github.com/go-diskimages/dmg/udif.go:509.2,509.28 1 118
github.com/go-diskimages/dmg/udif.go:512.36,514.52 2 126
github.com/go-diskimages/dmg/udif.go:514.52,515.51 1 113
github.com/go-diskimages/dmg/udif.go:515.51,517.4 1 113
github.com/go-diskimages/dmg/udif.go:519.2,519.18 1 126
github.com/go-diskimages/dmg/udif.go:523.46,525.6 2 126
github.com/go-diskimages/dmg/udif.go:525.6,527.17 2 1492
github.com/go-diskimages/dmg/udif.go:527.17,529.4 1 7
github.com/go-diskimages/dmg/udif.go:530.3,531.10 2 1485
github.com/go-diskimages/dmg/udif.go:531.10,532.12 1 772
github.com/go-diskimages/dmg/udif.go:534.3,534.28 1 713
github.com/go-diskimages/dmg/udif.go:534.28,536.52 2 237
github.com/go-diskimages/dmg/udif.go:536.52,538.5 1 1
github.com/go-diskimages/dmg/udif.go:539.4,539.15 1 236
github.com/go-diskimages/dmg/udif.go:540.9,540.58 1 476
github.com/go-diskimages/dmg/udif.go:540.58,542.4 1 118
github.com/go-diskimages/dmg/udif.go:548.64,550.6 2 118
github.com/go-diskimages/dmg/udif.go:550.6,552.17 2 452
github.com/go-diskimages/dmg/udif.go:552.17,554.4 1 1
github.com/go-diskimages/dmg/udif.go:555.3,555.26 1 451
github.com/go-diskimages/dmg/udif.go:556.25,557.30 1 118
github.com/go-diskimages/dmg/udif.go:557.30,559.19 2 118
github.com/go-diskimages/dmg/udif.go:559.19,561.6 1 6
github.com/go-diskimages/dmg/udif.go:562.5,562.32 1 112
github.com/go-diskimages/dmg/udif.go:564.23,565.31 1 111
github.com/go-diskimages/dmg/udif.go:565.31,567.5 1 111
github.com/go-diskimages/dmg/udif.go:574.66,577.6 3 118
github.com/go-diskimages/dmg/udif.go:577.6,579.17 2 1856
github.com/go-diskimages/dmg/udif.go:579.17,581.4 1 1
github.com/go-diskimages/dmg/udif.go:582.3,582.26 1 1855
github.com/go-diskimages/dmg/udif.go:583.25,584.24 1 976
github.com/go-diskimages/dmg/udif.go:585.15,587.53 2 488
github.com/go-diskimages/dmg/udif.go:587.53,589.6 1 1
github.com/go-diskimages/dmg/udif.go:590.5,590.16 1 487
github.com/go-diskimages/dmg/udif.go:591.18,593.53 2 372
github.com/go-diskimages/dmg/udif.go:593.53,595.6 1 1
github.com/go-diskimages/dmg/udif.go:596.5,596.20 1 371
github.com/go-diskimages/dmg/udif.go:597.23,598.25 1 113
github.com/go-diskimages/dmg/udif.go:599.15,600.17 1 112
github.com/go-diskimages/dmg/udif.go:601.17,602.19 1 112
github.com/go-diskimages/dmg/udif.go:604.16,606.53 2 114
github.com/go-diskimages/dmg/udif.go:606.53,608.6 1 1
github.com/go-diskimages/dmg/udif.go:613.5,613.44 1 113
github.com/go-diskimages/dmg/udif.go:613.44,614.28 1 44759
github.com/go-diskimages/dmg/udif.go:614.28,616.7 1 1791
github.com/go-diskimages/dmg/udif.go:617.6,617.14 1 42968
github.com/go-diskimages/dmg/udif.go:619.5,620.19 2 113
github.com/go-diskimages/dmg/udif.go:620.19,622.6 1 1
github.com/go-diskimages/dmg/udif.go:623.5,623.24 1 112
github.com/go-diskimages/dmg/udif.go:624.12,625.38 1 2
github.com/go-diskimages/dmg/udif.go:625.38,627.6 1 1
github.com/go-diskimages/dmg/udif.go:629.23,630.30 1 112
github.com/go-diskimages/dmg/udif.go:630.30,632.5 1 112
github.com/go-diskimages/dmg/udif.go:638.51,643.29 5 79
github.com/go-diskimages/dmg/udif.go:643.29,650.3 6 80
github.com/go-diskimages/dmg/udif.go:651.2,652.28 2 79
github.com/go-diskimages/dmg/udif.go:659.65,661.16 2 73
github.com/go-diskimages/dmg/udif.go:661.16,663.3 1 2
github.com/go-diskimages/dmg/udif.go:664.2,666.16 3 71
github.com/go-diskimages/dmg/udif.go:666.16,668.3 1 1
github.com/go-diskimages/dmg/udif.go:669.2,669.33 1 70
github.com/go-diskimages/dmg/udif.go:669.33,671.3 1 1
github.com/go-diskimages/dmg/udif.go:672.2,673.75 2 69
github.com/go-diskimages/dmg/udif.go:673.75,675.3 1 1
github.com/go-diskimages/dmg/udif.go:676.2,677.16 2 68
github.com/go-diskimages/dmg/udif.go:677.16,679.3 1 1
github.com/go-diskimages/dmg/udif.go:681.2,681.27 1 67
github.com/go-diskimages/dmg/udif.go:681.27,683.3 1 1
github.com/go-diskimages/dmg/udif.go:684.2,685.70 2 66
github.com/go-diskimages/dmg/udif.go:685.70,687.3 1 1
github.com/go-diskimages/dmg/udif.go:688.2,689.16 2 65
github.com/go-diskimages/dmg/udif.go:689.16,691.3 1 1
github.com/go-diskimages/dmg/udif.go:697.2,697.48 1 64
github.com/go-diskimages/dmg/udif.go:697.48,699.3 1 7
github.com/go-diskimages/dmg/udif.go:701.2,703.29 3 57
github.com/go-diskimages/dmg/udif.go:703.29,706.17 3 58
github.com/go-diskimages/dmg/udif.go:706.17,708.4 1 1
github.com/go-diskimages/dmg/udif.go:709.3,710.17 2 57
github.com/go-diskimages/dmg/udif.go:710.17,712.4 1 1
github.com/go-diskimages/dmg/udif.go:719.3,719.54 1 56
github.com/go-diskimages/dmg/udif.go:719.54,721.4 1 1
github.com/go-diskimages/dmg/udif.go:732.2,732.30 1 54
github.com/go-diskimages/dmg/udif.go:732.30,733.70 1 53
github.com/go-diskimages/dmg/udif.go:733.70,737.4 1 1
github.com/go-diskimages/dmg/udif.go:739.2,739.27 1 53
github.com/go-diskimages/dmg/udif.go:759.63,760.64 1 59
github.com/go-diskimages/dmg/udif.go:760.64,762.3 1 3
github.com/go-diskimages/dmg/udif.go:763.2,763.30 1 56
github.com/go-diskimages/dmg/udif.go:763.30,767.3 1 1
github.com/go-diskimages/dmg/udif.go:768.2,768.12 1 55
github.com/go-diskimages/dmg/udif.go:781.58,782.60 1 67
github.com/go-diskimages/dmg/udif.go:782.60,784.3 1 5
github.com/go-diskimages/dmg/udif.go:785.2,786.118 2 62
github.com/go-diskimages/dmg/udif.go:786.118,788.3 1 1
github.com/go-diskimages/dmg/udif.go:789.2,789.52 1 61
github.com/go-diskimages/dmg/udif.go:789.52,793.3 1 7
github.com/go-diskimages/dmg/udif.go:794.2,794.12 1 54
github.com/go-diskimages/dmg/udif.go:803.104,805.25 2 58
github.com/go-diskimages/dmg/udif.go:805.25,806.30 1 127
github.com/go-diskimages/dmg/udif.go:806.30,807.9 1 56
github.com/go-diskimages/dmg/udif.go:809.3,810.17 2 71
github.com/go-diskimages/dmg/udif.go:810.17,812.4 1 2
github.com/go-diskimages/dmg/udif.go:813.3,815.35 3 69
github.com/go-diskimages/dmg/udif.go:815.35,817.4 1 63
github.com/go-diskimages/dmg/udif.go:819.2,819.25 1 56
github.com/go-diskimages/dmg/udif.go:839.47,841.27 2 126
github.com/go-diskimages/dmg/udif.go:841.27,842.18 1 127
github.com/go-diskimages/dmg/udif.go:842.18,843.12 1 1
github.com/go-diskimages/dmg/udif.go:845.3,845.20 1 126
github.com/go-diskimages/dmg/udif.go:847.2,847.18 1 126
github.com/go-diskimages/dmg/udif.go:856.57,858.25 2 74
github.com/go-diskimages/dmg/udif.go:858.25,859.36 1 159
github.com/go-diskimages/dmg/udif.go:859.36,860.12 1 77
github.com/go-diskimages/dmg/udif.go:862.3,864.32 3 82
github.com/go-diskimages/dmg/udif.go:864.32,866.4 1 1
github.com/go-diskimages/dmg/udif.go:867.3,867.26 1 82
github.com/go-diskimages/dmg/udif.go:869.2,869.18 1 74
github.com/go-diskimages/dmg/udif.go:889.45,890.19 1 233
github.com/go-diskimages/dmg/udif.go:891.50,892.15 1 85
github.com/go-diskimages/dmg/udif.go:894.2,894.13 1 148
github.com/go-diskimages/dmg/udif.go:899.68,903.13 4 71
github.com/go-diskimages/dmg/udif.go:904.17,905.47 1 6
github.com/go-diskimages/dmg/udif.go:906.15,907.45 1 10
github.com/go-diskimages/dmg/udif.go:908.10,909.44 1 55
github.com/go-diskimages/dmg/udif.go:932.2,952.16 7 71
github.com/go-diskimages/dmg/udif.go:952.16,954.3 1 2
github.com/go-diskimages/dmg/udif.go:955.2,956.55 2 69
github.com/go-diskimages/dmg/udif.go:956.55,957.50 1 136
github.com/go-diskimages/dmg/udif.go:957.50,959.4 1 2
github.com/go-diskimages/dmg/udif.go:961.2,962.49 2 67
github.com/go-diskimages/dmg/udif.go:962.49,964.3 1 1
github.com/go-diskimages/dmg/udif.go:965.2,965.12 1 66
github.com/go-diskimages/dmg/udif.go:972.52,974.16 2 44
github.com/go-diskimages/dmg/udif.go:974.16,976.3 1 2
github.com/go-diskimages/dmg/udif.go:977.2,979.16 3 42
github.com/go-diskimages/dmg/udif.go:979.16,981.3 1 1
github.com/go-diskimages/dmg/udif.go:982.2,982.33 1 41
github.com/go-diskimages/dmg/udif.go:982.33,984.3 1 1
github.com/go-diskimages/dmg/udif.go:985.2,986.75 2 40
github.com/go-diskimages/dmg/udif.go:986.75,988.3 1 1
github.com/go-diskimages/dmg/udif.go:989.2,990.16 2 39
github.com/go-diskimages/dmg/udif.go:990.16,992.3 1 2
github.com/go-diskimages/dmg/udif.go:997.2,998.71 2 37
github.com/go-diskimages/dmg/udif.go:998.71,1000.3 1 1
github.com/go-diskimages/dmg/udif.go:1001.2,1002.16 2 36
github.com/go-diskimages/dmg/udif.go:1002.16,1004.3 1 4
github.com/go-diskimages/dmg/udif.go:1005.2,1006.27 2 32
github.com/go-diskimages/dmg/udif.go:1006.27,1008.17 2 32
github.com/go-diskimages/dmg/udif.go:1008.17,1010.4 1 1
github.com/go-diskimages/dmg/udif.go:1011.3,1011.26 1 31
github.com/go-diskimages/dmg/udif.go:1011.26,1013.4 1 68
github.com/go-diskimages/dmg/udif.go:1015.2,1015.9 1 31
github.com/go-diskimages/dmg/udif.go:1016.22,1017.21 1 7
github.com/go-diskimages/dmg/udif.go:1018.23,1019.21 1 5
github.com/go-diskimages/dmg/udif.go:1020.21,1021.21 1 2
github.com/go-diskimages/dmg/udif.go:1022.23,1023.21 1 2
github.com/go-diskimages/dmg/udif.go:1024.24,1034.21 1 4
github.com/go-diskimages/dmg/udif.go:1035.10,1041.21 1 11
github.com/go-diskimages/dmg/udif.go:1056.52,1058.9 2 14
github.com/go-diskimages/dmg/udif.go:1059.27,1059.27 0 6
github.com/go-diskimages/dmg/udif.go:1064.10,1064.10 0 5
github.com/go-diskimages/dmg/udif.go:1065.50,1066.102 1 2
github.com/go-diskimages/dmg/udif.go:1067.10,1068.65 1 1
github.com/go-diskimages/dmg/udif.go:1070.2,1071.16 2 11
github.com/go-diskimages/dmg/udif.go:1071.16,1073.3 1 1
github.com/go-diskimages/dmg/udif.go:1074.2,1074.25 1 10
github.com/go-diskimages/dmg/udif.go:1074.25,1075.59 1 5
github.com/go-diskimages/dmg/udif.go:1075.59,1077.4 1 2
github.com/go-diskimages/dmg/udif.go:1078.3,1078.13 1 3
github.com/go-diskimages/dmg/udif.go:1080.2,1080.53 1 5
github.com/go-diskimages/dmg/udif.go:1080.53,1082.3 1 1
github.com/go-diskimages/dmg/udif.go:1083.2,1083.12 1 4
github.com/go-diskimages/dmg/udif.go:1090.31,1093.2 2 7
github.com/go-diskimages/dmg/udif.go:1097.48,1099.16 2 29
github.com/go-diskimages/dmg/udif.go:1099.16,1101.3 1 9
github.com/go-diskimages/dmg/udif.go:1102.2,1103.16 2 20
github.com/go-diskimages/dmg/udif.go:1103.16,1105.3 1 1
github.com/go-diskimages/dmg/udif.go:1106.2,1107.53 2 19
github.com/go-diskimages/dmg/udif.go:1107.53,1111.3 3 1
github.com/go-diskimages/dmg/udif.go:1112.2,1112.41 1 18
github.com/go-diskimages/dmg/udif.go:1112.41,1115.3 2 1
github.com/go-diskimages/dmg/udif.go:1116.2,1116.21 1 17
github.com/go-diskimages/dmg/udif.go:1122.51,1124.16 2 7
github.com/go-diskimages/dmg/udif.go:1124.16,1126.3 1 1
github.com/go-diskimages/dmg/udif.go:1127.2,1129.16 3 6
github.com/go-diskimages/dmg/udif.go:1129.16,1131.3 1 1
github.com/go-diskimages/dmg/udif.go:1132.2,1135.64 4 5
github.com/go-diskimages/dmg/udif.go:1135.64,1137.3 1 1
github.com/go-diskimages/dmg/udif.go:1138.2,1140.16 3 4
github.com/go-diskimages/dmg/udif.go:1140.16,1142.3 1 1
github.com/go-diskimages/dmg/udif.go:1143.2,1145.60 3 3
github.com/go-diskimages/dmg/udif.go:1145.60,1148.3 2 1
github.com/go-diskimages/dmg/udif.go:1149.2,1149.53 1 2
github.com/go-diskimages/dmg/udif.go:1149.53,1152.3 2 1
github.com/go-diskimages/dmg/udif.go:1153.2,1153.12 1 1
github.com/go-diskimages/dmg/udif.go:1164.33,1166.16 2 6
github.com/go-diskimages/dmg/udif.go:1166.16,1168.3 1 1
github.com/go-diskimages/dmg/udif.go:1169.2,1171.16 3 5
github.com/go-diskimages/dmg/udif.go:1171.16,1173.3 1 1
github.com/go-diskimages/dmg/udif.go:1174.2,1177.64 4 4
github.com/go-diskimages/dmg/udif.go:1177.64,1179.3 1 1
github.com/go-diskimages/dmg/udif.go:1180.2,1181.41 2 3
github.com/go-diskimages/dmg/udif.go:1187.56,1188.23 1 9
github.com/go-diskimages/dmg/udif.go:1188.23,1190.3 1 1
github.com/go-diskimages/dmg/udif.go:1191.2,1192.16 2 8
github.com/go-diskimages/dmg/udif.go:1192.16,1194.3 1 1
github.com/go-diskimages/dmg/udif.go:1195.2,1197.30 3 7
github.com/go-diskimages/dmg/udif.go:1197.30,1199.3 1 1
github.com/go-diskimages/dmg/udif.go:1200.2,1200.31 1 6
github.com/go-diskimages/dmg/udif.go:1200.31,1202.3 1 1
github.com/go-diskimages/dmg/udif.go:1203.2,1205.34 3 5
