mode: set
github.com/go-diskimages/dmg/format.go:16.29,16.45 1 1
github.com/go-diskimages/dmg/format.go:20.58,21.20 1 1
github.com/go-diskimages/dmg/format.go:21.20,23.3 1 1
github.com/go-diskimages/dmg/format.go:24.2,26.59 3 1
github.com/go-diskimages/dmg/format.go:32.49,34.16 2 1
github.com/go-diskimages/dmg/format.go:34.16,35.50 1 1
github.com/go-diskimages/dmg/format.go:35.50,37.4 1 1
github.com/go-diskimages/dmg/format.go:38.3,38.20 1 1
github.com/go-diskimages/dmg/format.go:40.2,40.18 1 1
github.com/go-diskimages/dmg/format.go:45.57,47.16 2 1
github.com/go-diskimages/dmg/format.go:47.16,49.3 1 1
github.com/go-diskimages/dmg/format.go:50.2,50.56 1 1
github.com/go-diskimages/dmg/format.go:50.56,52.3 1 1
github.com/go-diskimages/dmg/format.go:53.2,54.30 2 1
github.com/go-diskimages/dmg/format.go:60.61,61.23 1 1
github.com/go-diskimages/dmg/format.go:61.23,63.3 1 1
github.com/go-diskimages/dmg/format.go:64.2,65.16 2 1
github.com/go-diskimages/dmg/format.go:65.16,67.3 1 1
github.com/go-diskimages/dmg/format.go:68.2,70.31 3 1
github.com/go-diskimages/dmg/format.go:70.31,72.3 1 1
github.com/go-diskimages/dmg/format.go:73.2,74.30 2 1
github.com/go-diskimages/dmg/format.go:74.30,77.3 2 1
github.com/go-diskimages/dmg/format.go:77.8,79.3 1 1
github.com/go-diskimages/dmg/format.go:80.2,80.55 1 1
github.com/go-diskimages/dmg/format.go:84.41,86.16 2 1
github.com/go-diskimages/dmg/format.go:86.16,88.3 1 1
github.com/go-diskimages/dmg/format.go:89.2,91.16 3 1
github.com/go-diskimages/dmg/format.go:91.16,93.3 1 1
github.com/go-diskimages/dmg/format.go:94.2,95.48 2 1
github.com/go-diskimages/dmg/format.go:95.48,97.3 1 1
github.com/go-diskimages/dmg/format.go:98.2,98.12 1 1
github.com/go-diskimages/dmg/udif.go:33.56,33.75 1 1
github.com/go-diskimages/dmg/udif.go:36.71,36.98 1 1
github.com/go-diskimages/dmg/udif.go:39.59,39.80 1 1
github.com/go-diskimages/dmg/udif.go:42.62,42.90 1 1
github.com/go-diskimages/dmg/udif.go:45.67,45.95 1 1
github.com/go-diskimages/dmg/udif.go:48.42,48.62 1 1
github.com/go-diskimages/dmg/udif.go:108.45,109.28 1 1
github.com/go-diskimages/dmg/udif.go:109.28,111.3 1 1
github.com/go-diskimages/dmg/udif.go:112.2,112.50 1 1
github.com/go-diskimages/dmg/udif.go:112.50,114.3 1 1
github.com/go-diskimages/dmg/udif.go:115.2,134.15 5 1
github.com/go-diskimages/dmg/udif.go:137.51,164.2 24 1
github.com/go-diskimages/dmg/udif.go:182.61,183.29 1 1
github.com/go-diskimages/dmg/udif.go:183.29,185.3 1 1
github.com/go-diskimages/dmg/udif.go:186.2,186.50 1 1
github.com/go-diskimages/dmg/udif.go:186.50,188.3 1 1
github.com/go-diskimages/dmg/udif.go:189.2,190.34 2 1
github.com/go-diskimages/dmg/udif.go:190.34,192.3 1 1
github.com/go-diskimages/dmg/udif.go:193.2,199.22 3 1
github.com/go-diskimages/dmg/udif.go:199.22,208.3 2 1
github.com/go-diskimages/dmg/udif.go:209.2,209.21 1 1
github.com/go-diskimages/dmg/udif.go:214.74,227.25 11 1
github.com/go-diskimages/dmg/udif.go:227.25,234.3 6 1
github.com/go-diskimages/dmg/udif.go:235.2,235.12 1 1
github.com/go-diskimages/dmg/udif.go:242.81,244.21 2 1
github.com/go-diskimages/dmg/udif.go:245.28,245.28 0 1
github.com/go-diskimages/dmg/udif.go:247.15,248.80 1 1
github.com/go-diskimages/dmg/udif.go:248.80,250.4 1 1
github.com/go-diskimages/dmg/udif.go:251.16,253.81 2 1
github.com/go-diskimages/dmg/udif.go:253.81,255.4 1 1
github.com/go-diskimages/dmg/udif.go:256.3,257.17 2 1
github.com/go-diskimages/dmg/udif.go:257.17,259.4 1 1
github.com/go-diskimages/dmg/udif.go:260.3,261.49 2 1
github.com/go-diskimages/dmg/udif.go:261.49,263.4 1 1
github.com/go-diskimages/dmg/udif.go:264.17,266.81 2 1
github.com/go-diskimages/dmg/udif.go:266.81,268.4 1 1
github.com/go-diskimages/dmg/udif.go:269.3,270.17 2 1
github.com/go-diskimages/dmg/udif.go:270.17,272.4 1 1
github.com/go-diskimages/dmg/udif.go:273.3,273.27 1 1
github.com/go-diskimages/dmg/udif.go:273.27,275.4 1 1
github.com/go-diskimages/dmg/udif.go:276.3,276.17 1 1
github.com/go-diskimages/dmg/udif.go:277.16,277.16 0 0
github.com/go-diskimages/dmg/udif.go:279.10,280.77 1 1
github.com/go-diskimages/dmg/udif.go:282.2,282.17 1 1
github.com/go-diskimages/dmg/udif.go:287.34,288.22 1 1
github.com/go-diskimages/dmg/udif.go:288.22,289.13 1 1
github.com/go-diskimages/dmg/udif.go:289.13,291.4 1 1
github.com/go-diskimages/dmg/udif.go:293.2,293.13 1 1
github.com/go-diskimages/dmg/udif.go:297.58,305.2 3 1
github.com/go-diskimages/dmg/udif.go:311.59,315.21 4 1
github.com/go-diskimages/dmg/udif.go:315.21,317.12 2 1
github.com/go-diskimages/dmg/udif.go:317.12,319.4 1 1
github.com/go-diskimages/dmg/udif.go:320.3,333.8 11 1
github.com/go-diskimages/dmg/udif.go:335.2,336.23 2 1
github.com/go-diskimages/dmg/udif.go:340.61,344.21 4 1
github.com/go-diskimages/dmg/udif.go:344.21,347.85 3 1
github.com/go-diskimages/dmg/udif.go:347.85,349.4 1 1
github.com/go-diskimages/dmg/udif.go:350.3,351.11 2 1
github.com/go-diskimages/dmg/udif.go:351.11,354.4 1 1
github.com/go-diskimages/dmg/udif.go:354.9,360.4 4 1
github.com/go-diskimages/dmg/udif.go:361.3,361.8 1 1
github.com/go-diskimages/dmg/udif.go:363.2,364.23 2 1
github.com/go-diskimages/dmg/udif.go:377.62,381.45 3 1
github.com/go-diskimages/dmg/udif.go:381.45,383.3 1 1
github.com/go-diskimages/dmg/udif.go:384.2,384.28 1 1
github.com/go-diskimages/dmg/udif.go:387.36,389.52 2 1
github.com/go-diskimages/dmg/udif.go:389.52,390.51 1 1
github.com/go-diskimages/dmg/udif.go:390.51,392.4 1 1
github.com/go-diskimages/dmg/udif.go:394.2,394.18 1 1
github.com/go-diskimages/dmg/udif.go:398.46,400.6 2 1
github.com/go-diskimages/dmg/udif.go:400.6,402.17 2 1
github.com/go-diskimages/dmg/udif.go:402.17,404.4 1 1
github.com/go-diskimages/dmg/udif.go:405.3,406.10 2 1
github.com/go-diskimages/dmg/udif.go:406.10,407.12 1 1
github.com/go-diskimages/dmg/udif.go:409.3,409.28 1 1
github.com/go-diskimages/dmg/udif.go:409.28,411.52 2 1
github.com/go-diskimages/dmg/udif.go:411.52,413.5 1 1
github.com/go-diskimages/dmg/udif.go:414.4,414.15 1 1
github.com/go-diskimages/dmg/udif.go:415.9,415.58 1 1
github.com/go-diskimages/dmg/udif.go:415.58,417.4 1 1
github.com/go-diskimages/dmg/udif.go:423.64,425.6 2 1
github.com/go-diskimages/dmg/udif.go:425.6,427.17 2 1
github.com/go-diskimages/dmg/udif.go:427.17,429.4 1 1
github.com/go-diskimages/dmg/udif.go:430.3,430.26 1 1
github.com/go-diskimages/dmg/udif.go:431.25,432.30 1 1
github.com/go-diskimages/dmg/udif.go:432.30,434.19 2 1
github.com/go-diskimages/dmg/udif.go:434.19,436.6 1 1
github.com/go-diskimages/dmg/udif.go:437.5,437.32 1 1
github.com/go-diskimages/dmg/udif.go:439.23,440.31 1 1
github.com/go-diskimages/dmg/udif.go:440.31,442.5 1 1
github.com/go-diskimages/dmg/udif.go:449.66,452.6 3 1
github.com/go-diskimages/dmg/udif.go:452.6,454.17 2 1
github.com/go-diskimages/dmg/udif.go:454.17,456.4 1 1
github.com/go-diskimages/dmg/udif.go:457.3,457.26 1 1
github.com/go-diskimages/dmg/udif.go:458.25,459.24 1 1
github.com/go-diskimages/dmg/udif.go:460.15,462.53 2 1
github.com/go-diskimages/dmg/udif.go:462.53,464.6 1 1
github.com/go-diskimages/dmg/udif.go:465.5,465.16 1 1
github.com/go-diskimages/dmg/udif.go:466.18,468.53 2 1
github.com/go-diskimages/dmg/udif.go:468.53,470.6 1 1
github.com/go-diskimages/dmg/udif.go:471.5,471.20 1 1
github.com/go-diskimages/dmg/udif.go:472.23,473.25 1 1
github.com/go-diskimages/dmg/udif.go:474.15,475.17 1 1
github.com/go-diskimages/dmg/udif.go:476.17,477.19 1 1
github.com/go-diskimages/dmg/udif.go:479.16,481.53 2 1
github.com/go-diskimages/dmg/udif.go:481.53,483.6 1 1
github.com/go-diskimages/dmg/udif.go:484.5,486.19 3 1
github.com/go-diskimages/dmg/udif.go:486.19,488.6 1 1
github.com/go-diskimages/dmg/udif.go:489.5,489.24 1 1
github.com/go-diskimages/dmg/udif.go:490.12,491.38 1 1
github.com/go-diskimages/dmg/udif.go:491.38,493.6 1 1
github.com/go-diskimages/dmg/udif.go:495.23,496.30 1 1
github.com/go-diskimages/dmg/udif.go:496.30,498.5 1 1
github.com/go-diskimages/dmg/udif.go:504.51,509.29 5 1
github.com/go-diskimages/dmg/udif.go:509.29,516.3 6 1
github.com/go-diskimages/dmg/udif.go:517.2,518.28 2 1
github.com/go-diskimages/dmg/udif.go:525.65,527.16 2 1
github.com/go-diskimages/dmg/udif.go:527.16,529.3 1 1
github.com/go-diskimages/dmg/udif.go:530.2,532.16 3 1
github.com/go-diskimages/dmg/udif.go:532.16,534.3 1 1
github.com/go-diskimages/dmg/udif.go:535.2,535.33 1 1
github.com/go-diskimages/dmg/udif.go:535.33,537.3 1 1
github.com/go-diskimages/dmg/udif.go:538.2,539.75 2 1
github.com/go-diskimages/dmg/udif.go:539.75,541.3 1 1
github.com/go-diskimages/dmg/udif.go:542.2,543.16 2 1
github.com/go-diskimages/dmg/udif.go:543.16,545.3 1 1
github.com/go-diskimages/dmg/udif.go:547.2,547.27 1 1
github.com/go-diskimages/dmg/udif.go:547.27,549.3 1 1
github.com/go-diskimages/dmg/udif.go:550.2,551.70 2 1
github.com/go-diskimages/dmg/udif.go:551.70,553.3 1 1
github.com/go-diskimages/dmg/udif.go:554.2,555.16 2 1
github.com/go-diskimages/dmg/udif.go:555.16,557.3 1 1
github.com/go-diskimages/dmg/udif.go:558.2,559.29 2 1
github.com/go-diskimages/dmg/udif.go:559.29,561.17 2 1
github.com/go-diskimages/dmg/udif.go:561.17,563.4 1 1
github.com/go-diskimages/dmg/udif.go:564.3,564.68 1 1
github.com/go-diskimages/dmg/udif.go:564.68,566.4 1 1
github.com/go-diskimages/dmg/udif.go:569.2,569.30 1 1
github.com/go-diskimages/dmg/udif.go:569.30,571.33 2 1
github.com/go-diskimages/dmg/udif.go:571.33,573.4 1 1
github.com/go-diskimages/dmg/udif.go:575.2,575.27 1 1
github.com/go-diskimages/dmg/udif.go:579.94,580.25 1 1
github.com/go-diskimages/dmg/udif.go:580.25,581.30 1 1
github.com/go-diskimages/dmg/udif.go:581.30,582.9 1 1
github.com/go-diskimages/dmg/udif.go:584.3,585.17 2 1
github.com/go-diskimages/dmg/udif.go:585.17,587.4 1 1
github.com/go-diskimages/dmg/udif.go:588.3,589.30 2 1
github.com/go-diskimages/dmg/udif.go:591.2,591.12 1 1
github.com/go-diskimages/dmg/udif.go:596.67,600.17 4 1
github.com/go-diskimages/dmg/udif.go:601.32,602.47 1 1
github.com/go-diskimages/dmg/udif.go:603.32,604.45 1 1
github.com/go-diskimages/dmg/udif.go:605.10,606.44 1 1
github.com/go-diskimages/dmg/udif.go:610.2,626.16 8 1
github.com/go-diskimages/dmg/udif.go:626.16,628.3 1 1
github.com/go-diskimages/dmg/udif.go:629.2,630.55 2 1
github.com/go-diskimages/dmg/udif.go:630.55,631.50 1 1
github.com/go-diskimages/dmg/udif.go:631.50,633.4 1 1
github.com/go-diskimages/dmg/udif.go:635.2,636.49 2 1
github.com/go-diskimages/dmg/udif.go:636.49,638.3 1 1
github.com/go-diskimages/dmg/udif.go:639.2,639.12 1 1
github.com/go-diskimages/dmg/udif.go:646.52,648.16 2 1
github.com/go-diskimages/dmg/udif.go:648.16,650.3 1 1
github.com/go-diskimages/dmg/udif.go:651.2,653.16 3 1
github.com/go-diskimages/dmg/udif.go:653.16,655.3 1 1
github.com/go-diskimages/dmg/udif.go:656.2,656.33 1 1
github.com/go-diskimages/dmg/udif.go:656.33,658.3 1 1
github.com/go-diskimages/dmg/udif.go:659.2,660.75 2 1
github.com/go-diskimages/dmg/udif.go:660.75,662.3 1 1
github.com/go-diskimages/dmg/udif.go:663.2,664.16 2 1
github.com/go-diskimages/dmg/udif.go:664.16,666.3 1 1
github.com/go-diskimages/dmg/udif.go:667.2,668.9 2 1
github.com/go-diskimages/dmg/udif.go:668.9,670.3 1 1
github.com/go-diskimages/dmg/udif.go:671.2,671.18 1 1
github.com/go-diskimages/dmg/udif.go:679.52,681.9 2 1
github.com/go-diskimages/dmg/udif.go:681.9,683.3 1 1
github.com/go-diskimages/dmg/udif.go:684.2,684.19 1 1
github.com/go-diskimages/dmg/udif.go:685.22,686.102 1 1
github.com/go-diskimages/dmg/udif.go:688.2,689.16 2 1
github.com/go-diskimages/dmg/udif.go:689.16,691.3 1 1
github.com/go-diskimages/dmg/udif.go:692.2,692.54 1 1
github.com/go-diskimages/dmg/udif.go:692.54,694.3 1 1
github.com/go-diskimages/dmg/udif.go:695.2,695.12 1 1
github.com/go-diskimages/dmg/udif.go:699.31,702.2 2 1
github.com/go-diskimages/dmg/udif.go:706.48,708.16 2 1
github.com/go-diskimages/dmg/udif.go:708.16,710.3 1 1
github.com/go-diskimages/dmg/udif.go:711.2,712.16 2 1
github.com/go-diskimages/dmg/udif.go:712.16,714.3 1 1
github.com/go-diskimages/dmg/udif.go:715.2,716.53 2 1
github.com/go-diskimages/dmg/udif.go:716.53,720.3 3 1
github.com/go-diskimages/dmg/udif.go:721.2,721.41 1 1
github.com/go-diskimages/dmg/udif.go:721.41,724.3 2 1
github.com/go-diskimages/dmg/udif.go:725.2,725.21 1 1
github.com/go-diskimages/dmg/udif.go:730.51,732.16 2 1
github.com/go-diskimages/dmg/udif.go:732.16,734.3 1 1
github.com/go-diskimages/dmg/udif.go:735.2,737.16 3 1
github.com/go-diskimages/dmg/udif.go:737.16,739.3 1 1
github.com/go-diskimages/dmg/udif.go:740.2,743.64 4 1
github.com/go-diskimages/dmg/udif.go:743.64,745.3 1 1
github.com/go-diskimages/dmg/udif.go:746.2,748.16 3 1
github.com/go-diskimages/dmg/udif.go:748.16,750.3 1 1
github.com/go-diskimages/dmg/udif.go:751.2,753.78 3 1
github.com/go-diskimages/dmg/udif.go:753.78,756.3 2 1
github.com/go-diskimages/dmg/udif.go:757.2,757.53 1 1
github.com/go-diskimages/dmg/udif.go:757.53,760.3 2 1
github.com/go-diskimages/dmg/udif.go:761.2,761.12 1 1
github.com/go-diskimages/dmg/udif.go:765.33,767.16 2 1
github.com/go-diskimages/dmg/udif.go:767.16,769.3 1 1
github.com/go-diskimages/dmg/udif.go:770.2,772.16 3 1
github.com/go-diskimages/dmg/udif.go:772.16,774.3 1 1
github.com/go-diskimages/dmg/udif.go:775.2,778.64 4 1
github.com/go-diskimages/dmg/udif.go:778.64,780.3 1 1
github.com/go-diskimages/dmg/udif.go:781.2,782.59 2 1
github.com/go-diskimages/dmg/udif.go:787.56,788.23 1 1
github.com/go-diskimages/dmg/udif.go:788.23,790.3 1 1
github.com/go-diskimages/dmg/udif.go:791.2,792.16 2 1
github.com/go-diskimages/dmg/udif.go:792.16,794.3 1 1
github.com/go-diskimages/dmg/udif.go:795.2,797.30 3 1
github.com/go-diskimages/dmg/udif.go:797.30,799.3 1 1
github.com/go-diskimages/dmg/udif.go:800.2,800.31 1 1
github.com/go-diskimages/dmg/udif.go:800.31,802.3 1 1
github.com/go-diskimages/dmg/udif.go:803.2,805.50 3 1
